[     160ms] [ERROR] Failed to load resource: the server responded with a status of 404 (File not found) @ http://localhost:8765/images/era2.jpg:0
[     160ms] [ERROR] Failed to load resource: the server responded with a status of 404 (File not found) @ http://localhost:8765/images/era3.jpg:0
[     160ms] [ERROR] Failed to load resource: the server responded with a status of 404 (File not found) @ http://localhost:8765/images/era4.jpg:0
[     161ms] [ERROR] Failed to load resource: the server responded with a status of 404 (File not found) @ http://localhost:8765/images/era5.jpg:0
[     161ms] [ERROR] Failed to load resource: the server responded with a status of 404 (File not found) @ http://localhost:8765/images/era6.jpg:0
[     161ms] [ERROR] Failed to load resource: the server responded with a status of 404 (File not found) @ http://localhost:8765/images/era7.jpg:0
[     212ms] [ERROR] Failed to load resource: the server responded with a status of 404 (File not found) @ http://localhost:8765/images/era3.png:0
[     213ms] [ERROR] Failed to load resource: the server responded with a status of 404 (File not found) @ http://localhost:8765/images/era4.png:0
[     213ms] [ERROR] Failed to load resource: the server responded with a status of 404 (File not found) @ http://localhost:8765/images/era2.png:0
[     213ms] [ERROR] Failed to load resource: the server responded with a status of 404 (File not found) @ http://localhost:8765/images/era5.png:0
[     214ms] [ERROR] Failed to load resource: the server responded with a status of 404 (File not found) @ http://localhost:8765/images/era6.png:0
[     214ms] [ERROR] Failed to load resource: the server responded with a status of 404 (File not found) @ http://localhost:8765/images/era7.png:0
[     221ms] [ERROR] Failed to load resource: the server responded with a status of 404 (File not found) @ http://localhost:8765/images/era3.webp:0
[     221ms] [ERROR] Failed to load resource: the server responded with a status of 404 (File not found) @ http://localhost:8765/images/era4.webp:0
[     221ms] [ERROR] Failed to load resource: the server responded with a status of 404 (File not found) @ http://localhost:8765/images/era2.webp:0
[     262ms] [ERROR] Failed to load resource: the server responded with a status of 404 (File not found) @ http://localhost:8765/images/era7.webp:0
[     262ms] [ERROR] Failed to load resource: the server responded with a status of 404 (File not found) @ http://localhost:8765/images/era5.webp:0
[     262ms] [ERROR] Failed to load resource: the server responded with a status of 404 (File not found) @ http://localhost:8765/images/era6.webp:0
[     262ms] [ERROR] Failed to load resource: the server responded with a status of 404 (File not found) @ http://localhost:8765/images/era3.jpeg:0
[     262ms] [ERROR] Failed to load resource: the server responded with a status of 404 (File not found) @ http://localhost:8765/images/era4.jpeg:0
[     275ms] [ERROR] Failed to load resource: the server responded with a status of 404 (File not found) @ http://localhost:8765/images/era7.jpeg:0
[     276ms] [ERROR] Failed to load resource: the server responded with a status of 404 (File not found) @ http://localhost:8765/images/era2.jpeg:0
[     276ms] [ERROR] Failed to load resource: the server responded with a status of 404 (File not found) @ http://localhost:8765/images/era5.jpeg:0
[     283ms] [ERROR] Failed to load resource: the server responded with a status of 404 (File not found) @ http://localhost:8765/images/era6.jpeg:0
[     286ms] [ERROR] Failed to load resource: the server responded with a status of 404 (File not found) @ http://localhost:8765/favicon.ico:0
